<MAP>
<MAPLINE> .................................................................................................... </MAPLINE>
<MAPLINE> .++++F.............................................................................................. </MAPLINE>
<MAPLINE> .+S+................................................................................................ </MAPLINE>
<MAPLINE> .+++................................................................................................ </MAPLINE>
<MAPLINE> .................................................................................................... </MAPLINE>
<MAPLINE> .................................................................................................... </MAPLINE>
<MAPLINE> .................................................................................................... </MAPLINE>
<MAPLINE> .................................................................................................... </MAPLINE>
<MAPLINE> .................................................................................................... </MAPLINE>
<MAPLINE> .................................................................................................... </MAPLINE>
<MAPLINE> .................................................................................................... </MAPLINE>
<MAPLINE> .................................................................................................... </MAPLINE>
<MAPLINE> .................................................................................................... </MAPLINE>
<MAPLINE> .................................................................................................... </MAPLINE>
<MAPLINE> .................................................................................................... </MAPLINE>
<MAPLINE> .................................................................................................... </MAPLINE>
<MAPLINE> .................................................................................................... </MAPLINE>
<MAPLINE> .................................................................................................... </MAPLINE>
<MAPLINE> .................................................................................................... </MAPLINE>
<MAPLINE> .................................................................................................... </MAPLINE>
<MAPLINE> .................................................................................................... </MAPLINE>
<MAPLINE> .................................................................................................... </MAPLINE>
<MAPLINE> .................................................................................................... </MAPLINE>
<MAPLINE> .................................................................................................... </MAPLINE>
<MAPLINE> .................................................................................................... </MAPLINE>
<MAPLINE> .................................................................................................... </MAPLINE>
<MAPLINE> .................................................................................................... </MAPLINE>
<MAPLINE> .................................................................................................... </MAPLINE>
<MAPLINE> .................................................................................................... </MAPLINE>
<MAPLINE> .................................................................................................... </MAPLINE>
<MAPLINE> .................................................................................................... </MAPLINE>
<MAPLINE> .................................................................................................... </MAPLINE>
<MAPLINE> .................................................................................................... </MAPLINE>
<MAPLINE> .................................................................................................... </MAPLINE>
<MAPLINE> .................................................................................................... </MAPLINE>
<MAPLINE> .................................................................................................... </MAPLINE>
<MAPLINE> .................................................................................................... </MAPLINE>
<MAPLINE> .................................................................................................... </MAPLINE>
<MAPLINE> .................................................................................................... </MAPLINE>
<MAPLINE> .................................................................................................... </MAPLINE>
<MAPLINE> .................................................................................................... </MAPLINE>
<MAPLINE> .................................................................................................... </MAPLINE>
<MAPLINE> .................................................................................................... </MAPLINE>
<MAPLINE> .................................................................................................... </MAPLINE>
<MAPLINE> .................................................................................................... </MAPLINE>
<MAPLINE> .................................................................................................... </MAPLINE>
<MAPLINE> .................................................................................................... </MAPLINE>
<MAPLINE> .................................................................................................... </MAPLINE>
<MAPLINE> .................................................................................................... </MAPLINE>
<MAPLINE> .................................................................................................... </MAPLINE>
<MAPLINE> .................................................................................................... </MAPLINE>
<MAPLINE> .................................................................................................... </MAPLINE>
<MAPLINE> .................................................................................................... </MAPLINE>
<MAPLINE> .................................................................................................... </MAPLINE>
<MAPLINE> .................................................................................................... </MAPLINE>
<MAPLINE> .................................................................................................... </MAPLINE>
<MAPLINE> .................................................................................................... </MAPLINE>
<MAPLINE> .................................................................................................... </MAPLINE>
<MAPLINE> .................................................................................................... </MAPLINE>
<MAPLINE> .................................................................................................... </MAPLINE>
<MAPLINE> .................................................................................................... </MAPLINE>
<MAPLINE> .................................................................................................... </MAPLINE>
<MAPLINE> .................................................................................................... </MAPLINE>
<MAPLINE> .................................................................................................... </MAPLINE>
<MAPLINE> .................................................................................................... </MAPLINE>
<MAPLINE> .................................................................................................... </MAPLINE>
<MAPLINE> .................................................................................................... </MAPLINE>
<MAPLINE> .................................................................................................... </MAPLINE>
<MAPLINE> .................................................................................................... </MAPLINE>
<MAPLINE> .................................................................................................... </MAPLINE>
<MAPLINE> .................................................................................................... </MAPLINE>
<MAPLINE> .................................................................................................... </MAPLINE>
<MAPLINE> .................................................................................................... </MAPLINE>
<MAPLINE> .................................................................................................... </MAPLINE>
<MAPLINE> .................................................................................................... </MAPLINE>
<MAPLINE> .................................................................................................... </MAPLINE>
<MAPLINE> .................................................................................................... </MAPLINE>
<MAPLINE> .................................................................................................... </MAPLINE>
<MAPLINE> .................................................................................................... </MAPLINE>
<MAPLINE> .................................................................................................... </MAPLINE>
<MAPLINE> .................................................................................................... </MAPLINE>
<MAPLINE> .................................................................................................... </MAPLINE>
<MAPLINE> .................................................................................................... </MAPLINE>
<MAPLINE> .................................................................................................... </MAPLINE>
<MAPLINE> .................................................................................................... </MAPLINE>
<MAPLINE> .................................................................................................... </MAPLINE>
<MAPLINE> .................................................................................................... </MAPLINE>
<MAPLINE> .................................................................................................... </MAPLINE>
<MAPLINE> .................................................................................................... </MAPLINE>
<MAPLINE> .................................................................................................... </MAPLINE>
<MAPLINE> .................................................................................................... </MAPLINE>
<MAPLINE> .................................................................................................... </MAPLINE>
<MAPLINE> .................................................................................................... </MAPLINE>
<MAPLINE> .................................................................................................... </MAPLINE>
<MAPLINE> .................................................................................................... </MAPLINE>
<MAPLINE> .................................................................................................... </MAPLINE>
<MAPLINE> .................................................................................................... </MAPLINE>
<MAPLINE> .................................................................................................... </MAPLINE>
<MAPLINE> .................................................................................................... </MAPLINE>
<MAPLINE> .................................................................................................... </MAPLINE>
</MAP>