<MAP>
<MAPLINE> .................................................................................................... </MAPLINE>
<MAPLINE> .................................................................................................... </MAPLINE>
<MAPLINE> .................................................................................................... </MAPLINE>
<MAPLINE> .................................................................................................... </MAPLINE>
<MAPLINE> ........................................++++++++++++++++++++++++++.................................. </MAPLINE>
<MAPLINE> .................................+++++++++++++++++++++++++++++++++++++++++++........................ </MAPLINE>
<MAPLINE> ...........................++++++++++++++++++++++++++++++++++++++++++++++++++++..................... </MAPLINE>
<MAPLINE> ........................++++++++++++++++++++++++++++++++++++++++++++++++++++++++++++................ </MAPLINE>
<MAPLINE> ...............++++++++++++++++++++++++++++++......++++++++++++++++....++++++++++++++++++++++++..... </MAPLINE>
<MAPLINE> ....................+++++++++++++++++++++++...............................++++++++++++++............ </MAPLINE>
<MAPLINE> ...................+++++++++++++++++++++++++++++.......................+++++++++++++++++++++++...... </MAPLINE>
<MAPLINE> ...................+++++++++++++++++++++++...............................+++++++++++++++++.......... </MAPLINE>
<MAPLINE> ....................++++++++++++++++++++++++++............................+++++++++++++++++++++++... </MAPLINE>
<MAPLINE> ...................++++++++++++++++++++++++++++++.................................+++++++++++++++++. </MAPLINE>
<MAPLINE> .................++++++++++++++++++++++++++++..................................+++++++++++++++...... </MAPLINE>
<MAPLINE> .........................+++++++++++++++++++.....................................+++++++++++++++++.. </MAPLINE>
<MAPLINE> ..........................+++++++++++++++++.......................................+++++++++++....... </MAPLINE>
<MAPLINE> ......................+++++++++++++++++++++.....................................++++++++++++++...... </MAPLINE>
<MAPLINE> .......................++++++++++++++++++++..............................+++++++++++++++............ </MAPLINE>
<MAPLINE> ...............................++++++++++++++++....................++++++++++++++++++............... </MAPLINE>
<MAPLINE> .............................+++++++++++++++...................++++++++++++++++..................... </MAPLINE>
<MAPLINE> ......................++++++++++++++++++++++.................+++++++++++++++++++.................... </MAPLINE>
<MAPLINE> ........................++++++++++++++++++++..................++++++++++++++++++++++................ </MAPLINE>
<MAPLINE> .................++++++++++++++........................................++++++++++++++++++++......... </MAPLINE>
<MAPLINE> ..........++++++++++++++++++...............................................+++++++++++++++++++++.... </MAPLINE>
<MAPLINE> .........++++++++++++++++++++++++++++.............................................++++++++++++++++.. </MAPLINE>
<MAPLINE> .............++++++++++++++++++++++++++......................................++++++++++++++++++..... </MAPLINE>
<MAPLINE> ...........++++++++++++++++++............................................+++++++++++++++++++++++.... </MAPLINE>
<MAPLINE> .......++++++++++++++++++++++++............................................++++++++++++++++++++++++. </MAPLINE>
<MAPLINE> ....++++++++++++++++++++++++.......................................+++++++++++++++++++++++++++...... </MAPLINE>
<MAPLINE> .....++++++++++++++++++++++++++++..................................+++++++++++++++++................ </MAPLINE>
<MAPLINE> ...+++++++++++++++++++++++.......................................+++++++++++++++.................... </MAPLINE>
<MAPLINE> ....++++++++++++++++..........................................+++++++++++++++++..................... </MAPLINE>
<MAPLINE> .....+++++++++++++++++++++++++++++++......................++++++++++++++............................ </MAPLINE>
<MAPLINE> .......+++++++++++++++++++++++......................+++++++++++++++++............................... </MAPLINE>
<MAPLINE> ....+++++++++++++++++++++.........................+++++++++++++++................................... </MAPLINE>
<MAPLINE> ......++++++++++++++++++++++++++++++++++.........++++++++++++++++++................................. </MAPLINE>
<MAPLINE> .........+++++++++++++++++++++++++++++++++......++++++++++++++++++++++++............................ </MAPLINE>
<MAPLINE> .............+++++++++++++++++++++..........+++++++++++++++++++++++++++............................. </MAPLINE>
<MAPLINE> .........+++++++++++++++++++.................+++++++++++++++++++++++++++++.......................... </MAPLINE>
<MAPLINE> ......++++++++++++++++++++......................+++++++++++++++++++++++++++......................... </MAPLINE>
<MAPLINE> .....++++++++++++++++++...........................+++++++++++++++++++++++++++++++++++............... </MAPLINE>
<MAPLINE> .......++++++++++++++++++++++......................+++++++++++++++++++++++++++++++++++++++.......... </MAPLINE>
<MAPLINE> .......+++++++++++++++++++++++.........................++++++++++++++++++++++++++++++++++++++....... </MAPLINE>
<MAPLINE> ........++++++++++++++++...........................++++++++++++++++++++++++++....................... </MAPLINE>
<MAPLINE> ..........+++++++++++++++.............................++++++++++++++++++++++++++++.................. </MAPLINE>
<MAPLINE> .......+++++++++++++++++..................................+++++++++++++++++++++++++++............... </MAPLINE>
<MAPLINE> ......++++++++++++++++.......................................++++++++++++++++++++++++++............. </MAPLINE>
<MAPLINE> .....++++++++++++++++++++++...................................++++++++++++++++++++++++.............. </MAPLINE>
<MAPLINE> .......++++++++++++++++++++++++...........................++++++++++++++++++++++++.................. </MAPLINE>
<MAPLINE> ........+++++++++++++++++++++++++++.....................++++++++++++++++++++++++++.................. </MAPLINE>
<MAPLINE> ..........+++++++++++++++++++++++++++++++...........++++++++++++++++++++++++++++++.................. </MAPLINE>
<MAPLINE> ......................++++++++++++++++++++........+++++++++++++++++++++++++++....................... </MAPLINE>
<MAPLINE> ....................+++++++++++++++++++.................+++++++++++................................. </MAPLINE>
<MAPLINE> ..............++++++++++++++++++++++++++++++......++++++++++++++++.................................. </MAPLINE>
<MAPLINE> .................................++++++++++++....++++++++++++++++++................................. </MAPLINE>
<MAPLINE> .........................+++++++++++++++++......++++++++++++++++++++++.............................. </MAPLINE>
<MAPLINE> ......................++++++++++++++++++........+++++++++++......................................... </MAPLINE>
<MAPLINE> .....................+++++++++++++++.............++++++++++++++++++++++++++......................... </MAPLINE>
<MAPLINE> ..............................++++++++++++++....++++++++++++++...................................... </MAPLINE>
<MAPLINE> ...................................+++++++++F.S++++++++++++++++++++++++............................. </MAPLINE>
<MAPLINE> ............................+++++++++++++......++++++++++++++++..................................... </MAPLINE>
<MAPLINE> ........................+++++++++++++............++++++++++++++..................................... </MAPLINE>
<MAPLINE> ....................+++++++++++++++++.............++++++++++++++.................................... </MAPLINE>
<MAPLINE> ...................+++++++++++++...................++++++++++++++++++++............................. </MAPLINE>
<MAPLINE> ..................+++++++++++++.........................++.......................................... </MAPLINE>
<MAPLINE> .................+++++++++++++....................++++++++++++++++++++++++.......................... </MAPLINE>
<MAPLINE> ................++++++++++++++...................++++++++++++++++++++............................... </MAPLINE>
<MAPLINE> ...............+++++++++++++.....................++++++++++++++++++................................. </MAPLINE>
<MAPLINE> .............+++++++++++++......................++++++++++++++++.................................... </MAPLINE>
<MAPLINE> .............+++++++++............................+++++++++++++++++................................. </MAPLINE>
<MAPLINE> .............++++++++++++++++....................+++++++++++++++.................................... </MAPLINE>
<MAPLINE> ................+++++++++++++++...................++++++++++++++++++................................ </MAPLINE>
<MAPLINE> ................+++++++...........................++++++++++++++++.................................. </MAPLINE>
<MAPLINE> ..................+++++++++++++++..............++++++++++++++++..................................... </MAPLINE>
<MAPLINE> ...................+++++++++++................+++++++++++++++++++................................... </MAPLINE>
<MAPLINE> ....................++++++++++++.............++++++++++++++++....................................... </MAPLINE>
<MAPLINE> .....................+++++++++..........+++++++++++++............................................... </MAPLINE>
<MAPLINE> .......................+++++..........++++++++++++++++++............................................ </MAPLINE>
<MAPLINE> .......................++........++++++++++++++++................................................... </MAPLINE>
<MAPLINE> ........................+.........++++++++++++++++.................................................. </MAPLINE>
<MAPLINE> .......................+......+++++++++++++++++..................................................... </MAPLINE>
<MAPLINE> ........................+++++++++++++............................................................... </MAPLINE>
<MAPLINE> ......................+++++++++++................................................................... </MAPLINE>
<MAPLINE> ...................++++++++++++++++................................................................. </MAPLINE>
<MAPLINE> ..............+++++++++++........................................................................... </MAPLINE>
<MAPLINE> ............+++++++++++............................................................................. </MAPLINE>
<MAPLINE> ..........+++++++++++++............................................................................. </MAPLINE>
<MAPLINE> .........++++++++++++............................................................................... </MAPLINE>
<MAPLINE> .......+++++++++++.................................................................................. </MAPLINE>
<MAPLINE> ......+++++++++++++................................................................................. </MAPLINE>
<MAPLINE> ....++++++++++++.................................................................................... </MAPLINE>
<MAPLINE> ...++++++++......................................................................................... </MAPLINE>
<MAPLINE> ..++++++++++........................................................................................ </MAPLINE>
<MAPLINE> ....++++............................................................................................ </MAPLINE>
<MAPLINE> .....++............................................................................................. </MAPLINE>
<MAPLINE> .................................................................................................... </MAPLINE>
<MAPLINE> .................................................................................................... </MAPLINE>
<MAPLINE> .................................................................................................... </MAPLINE>
<MAPLINE> .................................................................................................... </MAPLINE>
</MAP>